--- Testing Agent Signature Logic ---
npx : TypeError: Cann
ot read properties of
 undefined (reading '
keyPair')
At line:1 char:1
+ npx tsx tests/verif
y-signature.test.ts >
 test_output.txt 2>&1
; Get-Co ...
+ ~~~~~~~~~~~~~~~~~~~
~~~~~~~~~~~~~~~~~~~~~
~~~~~~~~~~~~~~~~~~~~~
    + CategoryInfo   
           : NotSpe  
  cified: (TypeErr   
 or: Cann...ding     
'keyPair'):Strin    g
) [], RemoteExc    ep
tion
    + FullyQualified 
   ErrorId : Native  
  CommandError
 
    at testSignature 
(C:\Users\user\Deskto
p\baseroot-marketplac
e-firebase-final\base
root-marketplace-main
\tests\verify-signatu
re.test.ts:9:31)
    at <anonymous> (C
:\Users\user\Desktop\
baseroot-marketplace-
firebase-final\basero
ot-marketplace-main\t
ests\verify-signature
.test.ts:58:1)
    at ModuleJob.run 
(node:internal/module
s/esm/module_job:234:
25)
    at async ModuleLo
ader.import (node:int
ernal/modules/esm/loa
der:473:24)
    at async asyncRun
EntryPointWithESMLoad
er (node:internal/mod
ules/run_main:123:5)
