
> baseroot-marketplace@1.0.0 check
> tsc --noEmit

client/src/components/DashboardLayout.tsx(212,30): error TS2339: Property 'name' does not exist on type 'FirestoreUser'.
client/src/components/DashboardLayout.tsx(217,30): error TS2339: Property 'name' does not exist on type 'FirestoreUser'.
client/src/components/NetworkIndicator.tsx(23,28): error TS2339: Property 'isTestnet' does not exist on type '{ platformWallet: string; platformFeePercent: number; rpcUrl: string; network: string; networkName: string; explorerUrl: string; }'.
client/src/components/NetworkIndicator.tsx(62,28): error TS2339: Property 'faucetUrl' does not exist on type '{ platformWallet: string; platformFeePercent: number; rpcUrl: string; network: string; networkName: string; explorerUrl: string; }'.
client/src/components/NetworkIndicator.tsx(69,49): error TS2339: Property 'faucetUrl' does not exist on type '{ platformWallet: string; platformFeePercent: number; rpcUrl: string; network: string; networkName: string; explorerUrl: string; }'.
client/src/components/NetworkIndicator.tsx(88,16): error TS2339: Property 'isTestnet' does not exist on type '{ platformWallet: string; platformFeePercent: number; rpcUrl: string; network: string; networkName: string; explorerUrl: string; }'.
client/src/components/NetworkIndicator.tsx(101,17): error TS2339: Property 'faucetUrl' does not exist on type '{ platformWallet: string; platformFeePercent: number; rpcUrl: string; network: string; networkName: string; explorerUrl: string; }'.
client/src/components/NetworkIndicator.tsx(106,47): error TS2339: Property 'faucetUrl' does not exist on type '{ platformWallet: string; platformFeePercent: number; rpcUrl: string; network: string; networkName: string; explorerUrl: string; }'.
client/src/pages/AdminPanel.tsx(24,76): error TS2345: Argument of type '{ days: number; }' is not assignable to parameter of type 'void | unique symbol'.
client/src/pages/AdminPanel.tsx(38,29): error TS2551: Property 'totalEvents' does not exist on type '{ totalAgents: number; activeAgents: number; totalUsers: number; totalPayments: number; totalRevenue: any; platformRevenue: any; }'. Did you mean 'totalAgents'?
client/src/pages/AdminPanel.tsx(45,29): error TS2339: Property 'totalViews' does not exist on type '{ totalAgents: number; activeAgents: number; totalUsers: number; totalPayments: number; totalRevenue: any; platformRevenue: any; }'.
client/src/pages/AdminPanel.tsx(52,29): error TS2339: Property 'totalErrors' does not exist on type '{ totalAgents: number; activeAgents: number; totalUsers: number; totalPayments: number; totalRevenue: any; platformRevenue: any; }'.
client/src/pages/AdminPanel.tsx(129,82): error TS2339: Property 'totalViews' does not exist on type '{ totalAgents: number; activeAgents: number; totalUsers: number; totalPayments: number; totalRevenue: any; platformRevenue: any; }'.
client/src/pages/AdminPanel.tsx(133,82): error TS2339: Property 'totalClicks' does not exist on type '{ totalAgents: number; activeAgents: number; totalUsers: number; totalPayments: number; totalRevenue: any; platformRevenue: any; }'.
client/src/pages/AdminPanel.tsx(137,82): error TS2551: Property 'totalUses' does not exist on type '{ totalAgents: number; activeAgents: number; totalUsers: number; totalPayments: number; totalRevenue: any; platformRevenue: any; }'. Did you mean 'totalUsers'?
client/src/pages/AdminPanel.tsx(142,41): error TS2339: Property 'totalErrors' does not exist on type '{ totalAgents: number; activeAgents: number; totalUsers: number; totalPayments: number; totalRevenue: any; platformRevenue: any; }'.
client/src/pages/DatasetsPage.tsx(180,89): error TS2339: Property 'isLoading' does not exist on type 'UseTRPCMutationResult<FirestoreDataset, TRPCClientErrorLike<{ input: { title: string; description: string; ownerWallet: string; revenueShare: number; category: string; tags: string[]; ownerUid?: string | undefined; ... 4 more ...; dataContent?: string | undefined; }; output: FirestoreDataset; transformer: true; erro...'.
  Property 'isLoading' does not exist on type 'TRPCHookResult & Override<MutationObserverIdleResult<FirestoreDataset, TRPCClientErrorLike<{ input: { title: string; description: string; ownerWallet: string; revenueShare: number; category: string; ... 6 more ...; dataContent?: string | undefined; }; output: FirestoreDataset; transformer: true; errorShape: DefaultE...'.
client/src/pages/DatasetsPage.tsx(181,53): error TS2339: Property 'isLoading' does not exist on type 'UseTRPCMutationResult<FirestoreDataset, TRPCClientErrorLike<{ input: { title: string; description: string; ownerWallet: string; revenueShare: number; category: string; tags: string[]; ownerUid?: string | undefined; ... 4 more ...; dataContent?: string | undefined; }; output: FirestoreDataset; transformer: true; erro...'.
  Property 'isLoading' does not exist on type 'TRPCHookResult & Override<MutationObserverIdleResult<FirestoreDataset, TRPCClientErrorLike<{ input: { title: string; description: string; ownerWallet: string; revenueShare: number; category: string; ... 6 more ...; dataContent?: string | undefined; }; output: FirestoreDataset; transformer: true; errorShape: DefaultE...'.
server/_core/index.ts(60,18): error TS1252: Function declarations are not allowed inside blocks in strict mode when targeting 'ES5'. Modules are automatically in strict mode.
server/analytics-router.ts(18,19): error TS2554: Expected 2-3 arguments, but got 1.
server/healthCheck.ts(87,9): error TS2739: Type 'Date' is missing the following properties from type 'Timestamp': seconds, nanoseconds, toDate, toMillis, isEqual
server/healthCheck.ts(106,11): error TS2739: Type 'Date' is missing the following properties from type 'Timestamp': seconds, nanoseconds, toDate, toMillis, isEqual
server/healthCheck.ts(112,11): error TS2739: Type 'Date' is missing the following properties from type 'Timestamp': seconds, nanoseconds, toDate, toMillis, isEqual
server/routers-mongodb-backup.ts(24,8): error TS2307: Cannot find module './mongodb' or its corresponding type declarations.
server/routers-mongodb-backup.ts(32,8): error TS2307: Cannot find module './solana' or its corresponding type declarations.
server/routers-mongodb-backup.ts(45,27): error TS2307: Cannot find module './_core/llm' or its corresponding type declarations.
server/routers-mongodb-backup.ts(52,39): error TS2307: Cannot find module './mongodb-extended' or its corresponding type declarations.
server/routers-mongodb-backup.ts(66,11): error TS7006: Parameter 'error' implicitly has an 'any' type.
server/routers-mongodb-backup.ts(342,43): error TS7006: Parameter 'r' implicitly has an 'any' type.
server/routers-mongodb-backup.ts(343,48): error TS7006: Parameter 'sum' implicitly has an 'any' type.
server/routers-mongodb-backup.ts(343,53): error TS7006: Parameter 'r' implicitly has an 'any' type.
server/routers-mongodb-backup.ts(410,32): error TS7006: Parameter 'p' implicitly has an 'any' type.
server/subscriptions-router.ts(85,9): error TS2353: Object literal may only specify known properties, and 'autoRenew' does not exist in type 'Partial<FirestoreSubscription>'.
server/webhook-router.ts(119,17): error TS2353: Object literal may only specify known properties, and 'agent_owner_amount' does not exist in type '{ dao_data_provider_amount: number; agent_developer_amount: number; protocol_amount: number; }'.
server/webhook-router.ts(119,47): error TS2339: Property 'agent_owner_amount' does not exist on type 'SplitBreakdown'.
server/webhook-router.ts(120,44): error TS2339: Property 'platform_amount' does not exist on type 'SplitBreakdown'.
server/webhook-router.ts(121,41): error TS2339: Property 'infra_amount' does not exist on type 'SplitBreakdown'.
